******************************************************************************
                  MSP430 Linker PC v20.2.0                     
******************************************************************************
>> Linked Mon Apr 20 13:53:16 2020

OUTPUT FILE NAME:   <cmpe295_project_i2c.out>
ENTRY POINT SYMBOL: "_c_int00_noargs"  address: 0000c6ec


MEMORY CONFIGURATION

         name            origin    length      used     unused   attr    fill
----------------------  --------  ---------  --------  --------  ----  --------
  SFR                   00000000   00000010  00000000  00000010  RWIX
  PERIPHERALS_8BIT      00000010   000000f0  00000000  000000f0  RWIX
  PERIPHERALS_16BIT     00000100   00000100  00000000  00000100  RWIX
  RAM                   00000200   00000200  00000081  0000017f  RWIX
  INFOD                 00001000   00000040  00000000  00000040  RWIX
  INFOC                 00001040   00000040  00000000  00000040  RWIX
  INFOB                 00001080   00000040  00000000  00000040  RWIX
  INFOA                 000010c0   00000040  00000000  00000040  RWIX
  FLASH                 0000c000   00003fde  000007ae  00003830  RWIX
  BSLSIGNATURE          0000ffde   00000002  00000002  00000000  RWIX  ffff 
  INT00                 0000ffe0   00000002  00000002  00000000  RWIX
  INT01                 0000ffe2   00000002  00000000  00000002  RWIX
  INT02                 0000ffe4   00000002  00000002  00000000  RWIX
  INT03                 0000ffe6   00000002  00000002  00000000  RWIX
  INT04                 0000ffe8   00000002  00000000  00000002  RWIX
  INT05                 0000ffea   00000002  00000002  00000000  RWIX
  INT06                 0000ffec   00000002  00000002  00000000  RWIX
  INT07                 0000ffee   00000002  00000002  00000000  RWIX
  INT08                 0000fff0   00000002  00000002  00000000  RWIX
  INT09                 0000fff2   00000002  00000002  00000000  RWIX
  INT10                 0000fff4   00000002  00000002  00000000  RWIX
  INT11                 0000fff6   00000002  00000000  00000002  RWIX
  INT12                 0000fff8   00000002  00000002  00000000  RWIX
  INT13                 0000fffa   00000002  00000002  00000000  RWIX
  INT14                 0000fffc   00000002  00000002  00000000  RWIX
  RESET                 0000fffe   00000002  00000002  00000000  RWIX


SECTION ALLOCATION MAP

 output                                  attributes/
section   page    origin      length       input sections
--------  ----  ----------  ----------   ----------------
.bss       0    00000200    00000031     UNINITIALIZED
                  00000200    00000010     (.common:ReceiveBuffer)
                  00000210    00000010     (.common:TransmitBuffer)
                  00000220    00000004     (.common:count_period)
                  00000224    00000004     (.common:current_count)
                  00000228    00000002     (.common:MasterMode)
                  0000022a    00000001     (.common:RXByteCtr)
                  0000022b    00000001     (.common:ReceiveIndex)
                  0000022c    00000001     (.common:TXByteCtr)
                  0000022d    00000001     (.common:TransmitIndex)
                  0000022e    00000001     (.common:TransmitRegAddr)
                  0000022f    00000001     (.common:UART_byte_count)
                  00000230    00000001     (.common:UART_total_byte_count)

.stack     0    000003b0    00000050     UNINITIALIZED
                  000003b0    00000002     rts430_eabi.lib : boot.c.obj (.stack)
                  000003b2    0000004e     --HOLE--

.text      0    0000c000    000007a4     
                  0000c000    0000013c     main_i2c.obj (.text:USCIAB0TX_ISR)
                  0000c13c    000000f8     sunlight_sensor.obj (.text:configure_sunlight_sensor)
                  0000c234    000000d6     main_i2c.obj (.text:main)
                  0000c30a    0000007e     sunlight_sensor.obj (.text:reset_sunlight_sensor)
                  0000c388    0000005c     comm.obj (.text:I2C_init)
                  0000c3e4    00000050     port_and_clock.obj (.text:port_init)
                  0000c434    0000004e     comm.obj (.text:I2C_send_msg)
                  0000c482    0000004a     comm.obj (.text:I2C_receive_msg)
                  0000c4cc    00000042     rts430_eabi.lib : autoinit.c.obj (.text:__TI_auto_init_nobinit_nopinit:__TI_auto_init_nobinit_nopinit)
                  0000c50e    0000003c     comm.obj (.text:UART_init)
                  0000c54a    0000003a     sunlight_sensor.obj (.text:write_sunlight_param_data)
                  0000c584    00000032     main_i2c.obj (.text:TIMER_ISR)
                  0000c5b6    0000002e     comm.obj (.text:I2C_send_byte)
                  0000c5e4    00000028     port_and_clock.obj (.text:clock_init)
                  0000c60c    00000024     comm.obj (.text:send_to_UART)
                  0000c630    00000022     main_i2c.obj (.text:USCIAB0RX_ISR)
                  0000c652    00000020     sunlight_sensor.obj (.text:read_sunlight_IR)
                  0000c672    00000020     sunlight_sensor.obj (.text:read_sunlight_UV)
                  0000c692    00000020     sunlight_sensor.obj (.text:read_sunlight_VIS)
                  0000c6b2    0000001e     port_and_clock.obj (.text:timer_init)
                  0000c6d0    0000001c     comm.obj (.text:CopyArray)
                  0000c6ec    0000001c     rts430_eabi.lib : boot.c.obj (.text:_c_int00_noargs)
                  0000c708    00000016     comm.obj (.text:clear_buffer)
                  0000c71e    00000016     temp_sensor.obj (.text:get_humidity)
                  0000c734    00000014     rts430_eabi.lib : copy_zero_init.c.obj (.text:decompress:ZI:__TI_zero_init_nomemset:__TI_zero_init_nomemset)
                  0000c748    00000014                     : memset.c.obj (.text:memset)
                  0000c75c    00000014     temp_sensor.obj (.text:temp_hum_soft_reset)
                  0000c770    00000010     temp_sensor.obj (.text:get_temperature)
                  0000c780    00000010     rts430_eabi.lib : epilog.asm.obj (.text)
                  0000c790    00000008                     : isr_trap.asm.obj (.text:_isr:__TI_ISR_TRAP)
                  0000c798    00000006                     : exit.c.obj (.text:abort)
                  0000c79e    00000004                     : pre_init.c.obj (.text:_system_pre_init)
                  0000c7a2    00000002                     : startup.c.obj (.text:_system_post_cinit)

.cinit     0    0000c7a4    0000000a     
                  0000c7a4    00000004     (.cinit..bss.load) [load image, compression = zero_init]
                  0000c7a8    00000002     (__TI_handler_table)
                  0000c7aa    00000004     (__TI_cinit_table)

.binit     0    0000c000    00000000     

.init_array 
*          0    0000c000    00000000     UNINITIALIZED

TRAPINT    0    0000ffe0    00000002     
                  0000ffe0    00000002     rts430_eabi.lib : int00.asm.obj (.int00)

PORT1      0    0000ffe4    00000002     
                  0000ffe4    00000002     rts430_eabi.lib : int02.asm.obj (.int02)

PORT2      0    0000ffe6    00000002     
                  0000ffe6    00000002     rts430_eabi.lib : int03.asm.obj (.int03)

ADC10      0    0000ffea    00000002     
                  0000ffea    00000002     rts430_eabi.lib : int05.asm.obj (.int05)

USCIAB0TX 
*          0    0000ffec    00000002     
                  0000ffec    00000002     main_i2c.obj (.int06)

USCIAB0RX 
*          0    0000ffee    00000002     
                  0000ffee    00000002     main_i2c.obj (.int07)

TIMER0_A1 
*          0    0000fff0    00000002     
                  0000fff0    00000002     rts430_eabi.lib : int08.asm.obj (.int08)

TIMER0_A0 
*          0    0000fff2    00000002     
                  0000fff2    00000002     rts430_eabi.lib : int09.asm.obj (.int09)

WDT        0    0000fff4    00000002     
                  0000fff4    00000002     rts430_eabi.lib : int10.asm.obj (.int10)

TIMER1_A1 
*          0    0000fff8    00000002     
                  0000fff8    00000002     main_i2c.obj (.int12)

TIMER1_A0 
*          0    0000fffa    00000002     
                  0000fffa    00000002     rts430_eabi.lib : int13.asm.obj (.int13)

NMI        0    0000fffc    00000002     
                  0000fffc    00000002     rts430_eabi.lib : int14.asm.obj (.int14)

.reset     0    0000fffe    00000002     
                  0000fffe    00000002     rts430_eabi.lib : boot.c.obj (.reset)

$fill000   0    0000ffde    00000002     
                  0000ffde    00000002     --HOLE-- [fill = ffff]

MODULE SUMMARY

       Module                 code   ro data   rw data
       ------                 ----   -------   -------
    .\
       main_i2c.obj           614    6         8      
       sunlight_sensor.obj    528    0         0      
       comm.obj               436    0         41     
       port_and_clock.obj     150    0         0      
       temp_sensor.obj        58     0         0      
    +--+----------------------+------+---------+---------+
       Total:                 1786   6         49     
                                                      
    C:\ti\ccs1000\ccs\tools\compiler\ti-cgt-msp430_20.2.0.LTS\lib\rts430_eabi.lib
       autoinit.c.obj         66     0         0      
       boot.c.obj             28     2         0      
       copy_zero_init.c.obj   20     0         0      
       memset.c.obj           20     0         0      
       epilog.asm.obj         16     0         0      
       isr_trap.asm.obj       8      0         0      
       exit.c.obj             6      0         0      
       pre_init.c.obj         4      0         0      
       int00.asm.obj          0      2         0      
       int02.asm.obj          0      2         0      
       int03.asm.obj          0      2         0      
       int05.asm.obj          0      2         0      
       int08.asm.obj          0      2         0      
       int09.asm.obj          0      2         0      
       int10.asm.obj          0      2         0      
       int13.asm.obj          0      2         0      
       int14.asm.obj          0      2         0      
       startup.c.obj          2      0         0      
    +--+----------------------+------+---------+---------+
       Total:                 170    20        0      
                                                      
       Stack:                 0      0         80     
       Linker Generated:      0      10        0      
    +--+----------------------+------+---------+---------+
       Grand Total:           1956   36        129    


LINKER GENERATED COPY TABLES

__TI_cinit_table @ 0000c7aa records: 1, size/record: 4, table size: 4
	.bss: load addr=0000c7a4, load size=00000004 bytes, run addr=00000200, run size=00000031 bytes, compression=zero_init


LINKER GENERATED HANDLER TABLE

__TI_handler_table @ 0000c7a8 records: 1, size/record: 2, table size: 2
	index: 0, handler: __TI_zero_init


GLOBAL SYMBOLS: SORTED ALPHABETICALLY BY Name 

address   name                          
-------   ----                          
0000004a  ADC10AE0                      
000001b0  ADC10CTL0                     
000001b2  ADC10CTL1                     
00000048  ADC10DTC0                     
00000049  ADC10DTC1                     
000001b4  ADC10MEM                      
000001bc  ADC10SA                       
00000057  BCSCTL1                       
00000058  BCSCTL2                       
00000053  BCSCTL3                       
0000c798  C$$EXIT                       
000010fb  CALBC1_12MHZ                  
000010f9  CALBC1_16MHZ                  
000010ff  CALBC1_1MHZ                   
000010fd  CALBC1_8MHZ                   
000010fa  CALDCO_12MHZ                  
000010f8  CALDCO_16MHZ                  
000010fe  CALDCO_1MHZ                   
000010fc  CALDCO_8MHZ                   
0000c6d0  CopyArray                     
00000056  DCOCTL                        
00000128  FCTL1                         
0000012a  FCTL2                         
0000012c  FCTL3                         
0000c388  I2C_init                      
0000c482  I2C_receive_msg               
0000c5b6  I2C_send_byte                 
0000c434  I2C_send_msg                  
00000000  IE1                           
00000001  IE2                           
00000002  IFG1                          
00000003  IFG2                          
00000228  MasterMode                    
00000022  P1DIR                         
00000025  P1IE                          
00000024  P1IES                         
00000023  P1IFG                         
00000020  P1IN                          
00000021  P1OUT                         
00000027  P1REN                         
00000026  P1SEL                         
00000041  P1SEL2                        
0000002a  P2DIR                         
0000002d  P2IE                          
0000002c  P2IES                         
0000002b  P2IFG                         
00000028  P2IN                          
00000029  P2OUT                         
0000002f  P2REN                         
0000002e  P2SEL                         
00000042  P2SEL2                        
0000001a  P3DIR                         
00000018  P3IN                          
00000019  P3OUT                         
00000010  P3REN                         
0000001b  P3SEL                         
00000043  P3SEL2                        
0000022a  RXByteCtr                     
00000200  ReceiveBuffer                 
0000022b  ReceiveIndex                  
00000172  TA0CCR0                       
00000174  TA0CCR1                       
00000176  TA0CCR2                       
00000162  TA0CCTL0                      
00000164  TA0CCTL1                      
00000166  TA0CCTL2                      
00000160  TA0CTL                        
0000012e  TA0IV                         
00000170  TA0R                          
00000192  TA1CCR0                       
00000194  TA1CCR1                       
00000196  TA1CCR2                       
00000182  TA1CCTL0                      
00000184  TA1CCTL1                      
00000186  TA1CCTL2                      
00000180  TA1CTL                        
0000011e  TA1IV                         
00000190  TA1R                          
0000c584  TIMER_ISR                     
000010db  TLV_ADC10_1_LEN               
000010da  TLV_ADC10_1_TAG               
000010c0  TLV_CHECKSUM                  
000010f7  TLV_DCO_30_LEN                
000010f6  TLV_DCO_30_TAG                
0000022c  TXByteCtr                     
00000210  TransmitBuffer                
0000022d  TransmitIndex                 
0000022e  TransmitRegAddr               
0000022f  UART_byte_count               
0000c50e  UART_init                     
00000230  UART_total_byte_count         
0000005d  UCA0ABCTL                     
00000062  UCA0BR0                       
00000063  UCA0BR1                       
00000060  UCA0CTL0                      
00000061  UCA0CTL1                      
0000005f  UCA0IRRCTL                    
0000005e  UCA0IRTCTL                    
00000064  UCA0MCTL                      
00000066  UCA0RXBUF                     
00000065  UCA0STAT                      
00000067  UCA0TXBUF                     
0000006a  UCB0BR0                       
0000006b  UCB0BR1                       
00000068  UCB0CTL0                      
00000069  UCB0CTL1                      
0000006c  UCB0I2CIE                     
00000118  UCB0I2COA                     
0000011a  UCB0I2CSA                     
0000006e  UCB0RXBUF                     
0000006d  UCB0STAT                      
0000006f  UCB0TXBUF                     
0000c630  USCIAB0RX_ISR                 
0000c000  USCIAB0TX_ISR                 
00000120  WDTCTL                        
00000400  __STACK_END                   
00000050  __STACK_SIZE                  
0000c7aa  __TI_CINIT_Base               
0000c7ae  __TI_CINIT_Limit              
0000c7a8  __TI_Handler_Table_Base       
0000c7aa  __TI_Handler_Table_Limit      
0000c790  __TI_ISR_TRAP                 
0000c4cc  __TI_auto_init_nobinit_nopinit
0000ffe0  __TI_int00                    
0000ffe4  __TI_int02                    
0000ffe6  __TI_int03                    
0000ffea  __TI_int05                    
0000ffec  __TI_int06                    
0000ffee  __TI_int07                    
0000fff0  __TI_int08                    
0000fff2  __TI_int09                    
0000fff4  __TI_int10                    
0000fff8  __TI_int12                    
0000fffa  __TI_int13                    
0000fffc  __TI_int14                    
ffffffff  __TI_pprof_out_hndl           
ffffffff  __TI_prof_data_size           
ffffffff  __TI_prof_data_start          
0000c734  __TI_zero_init_nomemset       
ffffffff  __c_args__                    
0000c78c  __mspabi_func_epilog_1        
0000c78a  __mspabi_func_epilog_2        
0000c788  __mspabi_func_epilog_3        
0000c786  __mspabi_func_epilog_4        
0000c784  __mspabi_func_epilog_5        
0000c782  __mspabi_func_epilog_6        
0000c780  __mspabi_func_epilog_7        
0000c6ec  _c_int00_noargs               
0000fffe  _reset_vector                 
000003b0  _stack                        
0000c7a2  _system_post_cinit            
0000c79e  _system_pre_init              
0000c798  abort                         
0000c708  clear_buffer                  
0000c5e4  clock_init                    
0000c13c  configure_sunlight_sensor     
00000220  count_period                  
00000224  current_count                 
0000c71e  get_humidity                  
0000c770  get_temperature               
0000c234  main                          
0000c748  memset                        
0000c3e4  port_init                     
0000c652  read_sunlight_IR              
0000c672  read_sunlight_UV              
0000c692  read_sunlight_VIS             
0000c30a  reset_sunlight_sensor         
0000c60c  send_to_UART                  
0000c75c  temp_hum_soft_reset           
0000c6b2  timer_init                    
0000c54a  write_sunlight_param_data     


GLOBAL SYMBOLS: SORTED BY Symbol Address 

address   name                          
-------   ----                          
00000000  IE1                           
00000001  IE2                           
00000002  IFG1                          
00000003  IFG2                          
00000010  P3REN                         
00000018  P3IN                          
00000019  P3OUT                         
0000001a  P3DIR                         
0000001b  P3SEL                         
00000020  P1IN                          
00000021  P1OUT                         
00000022  P1DIR                         
00000023  P1IFG                         
00000024  P1IES                         
00000025  P1IE                          
00000026  P1SEL                         
00000027  P1REN                         
00000028  P2IN                          
00000029  P2OUT                         
0000002a  P2DIR                         
0000002b  P2IFG                         
0000002c  P2IES                         
0000002d  P2IE                          
0000002e  P2SEL                         
0000002f  P2REN                         
00000041  P1SEL2                        
00000042  P2SEL2                        
00000043  P3SEL2                        
00000048  ADC10DTC0                     
00000049  ADC10DTC1                     
0000004a  ADC10AE0                      
00000050  __STACK_SIZE                  
00000053  BCSCTL3                       
00000056  DCOCTL                        
00000057  BCSCTL1                       
00000058  BCSCTL2                       
0000005d  UCA0ABCTL                     
0000005e  UCA0IRTCTL                    
0000005f  UCA0IRRCTL                    
00000060  UCA0CTL0                      
00000061  UCA0CTL1                      
00000062  UCA0BR0                       
00000063  UCA0BR1                       
00000064  UCA0MCTL                      
00000065  UCA0STAT                      
00000066  UCA0RXBUF                     
00000067  UCA0TXBUF                     
00000068  UCB0CTL0                      
00000069  UCB0CTL1                      
0000006a  UCB0BR0                       
0000006b  UCB0BR1                       
0000006c  UCB0I2CIE                     
0000006d  UCB0STAT                      
0000006e  UCB0RXBUF                     
0000006f  UCB0TXBUF                     
00000118  UCB0I2COA                     
0000011a  UCB0I2CSA                     
0000011e  TA1IV                         
00000120  WDTCTL                        
00000128  FCTL1                         
0000012a  FCTL2                         
0000012c  FCTL3                         
0000012e  TA0IV                         
00000160  TA0CTL                        
00000162  TA0CCTL0                      
00000164  TA0CCTL1                      
00000166  TA0CCTL2                      
00000170  TA0R                          
00000172  TA0CCR0                       
00000174  TA0CCR1                       
00000176  TA0CCR2                       
00000180  TA1CTL                        
00000182  TA1CCTL0                      
00000184  TA1CCTL1                      
00000186  TA1CCTL2                      
00000190  TA1R                          
00000192  TA1CCR0                       
00000194  TA1CCR1                       
00000196  TA1CCR2                       
000001b0  ADC10CTL0                     
000001b2  ADC10CTL1                     
000001b4  ADC10MEM                      
000001bc  ADC10SA                       
00000200  ReceiveBuffer                 
00000210  TransmitBuffer                
00000220  count_period                  
00000224  current_count                 
00000228  MasterMode                    
0000022a  RXByteCtr                     
0000022b  ReceiveIndex                  
0000022c  TXByteCtr                     
0000022d  TransmitIndex                 
0000022e  TransmitRegAddr               
0000022f  UART_byte_count               
00000230  UART_total_byte_count         
000003b0  _stack                        
00000400  __STACK_END                   
000010c0  TLV_CHECKSUM                  
000010da  TLV_ADC10_1_TAG               
000010db  TLV_ADC10_1_LEN               
000010f6  TLV_DCO_30_TAG                
000010f7  TLV_DCO_30_LEN                
000010f8  CALDCO_16MHZ                  
000010f9  CALBC1_16MHZ                  
000010fa  CALDCO_12MHZ                  
000010fb  CALBC1_12MHZ                  
000010fc  CALDCO_8MHZ                   
000010fd  CALBC1_8MHZ                   
000010fe  CALDCO_1MHZ                   
000010ff  CALBC1_1MHZ                   
0000c000  USCIAB0TX_ISR                 
0000c13c  configure_sunlight_sensor     
0000c234  main                          
0000c30a  reset_sunlight_sensor         
0000c388  I2C_init                      
0000c3e4  port_init                     
0000c434  I2C_send_msg                  
0000c482  I2C_receive_msg               
0000c4cc  __TI_auto_init_nobinit_nopinit
0000c50e  UART_init                     
0000c54a  write_sunlight_param_data     
0000c584  TIMER_ISR                     
0000c5b6  I2C_send_byte                 
0000c5e4  clock_init                    
0000c60c  send_to_UART                  
0000c630  USCIAB0RX_ISR                 
0000c652  read_sunlight_IR              
0000c672  read_sunlight_UV              
0000c692  read_sunlight_VIS             
0000c6b2  timer_init                    
0000c6d0  CopyArray                     
0000c6ec  _c_int00_noargs               
0000c708  clear_buffer                  
0000c71e  get_humidity                  
0000c734  __TI_zero_init_nomemset       
0000c748  memset                        
0000c75c  temp_hum_soft_reset           
0000c770  get_temperature               
0000c780  __mspabi_func_epilog_7        
0000c782  __mspabi_func_epilog_6        
0000c784  __mspabi_func_epilog_5        
0000c786  __mspabi_func_epilog_4        
0000c788  __mspabi_func_epilog_3        
0000c78a  __mspabi_func_epilog_2        
0000c78c  __mspabi_func_epilog_1        
0000c790  __TI_ISR_TRAP                 
0000c798  C$$EXIT                       
0000c798  abort                         
0000c79e  _system_pre_init              
0000c7a2  _system_post_cinit            
0000c7a8  __TI_Handler_Table_Base       
0000c7aa  __TI_CINIT_Base               
0000c7aa  __TI_Handler_Table_Limit      
0000c7ae  __TI_CINIT_Limit              
0000ffe0  __TI_int00                    
0000ffe4  __TI_int02                    
0000ffe6  __TI_int03                    
0000ffea  __TI_int05                    
0000ffec  __TI_int06                    
0000ffee  __TI_int07                    
0000fff0  __TI_int08                    
0000fff2  __TI_int09                    
0000fff4  __TI_int10                    
0000fff8  __TI_int12                    
0000fffa  __TI_int13                    
0000fffc  __TI_int14                    
0000fffe  _reset_vector                 
ffffffff  __TI_pprof_out_hndl           
ffffffff  __TI_prof_data_size           
ffffffff  __TI_prof_data_start          
ffffffff  __c_args__                    

[171 symbols]
